[1/16] train b82c61bb24  alpha=0.0  seed=0
  step      0  train 4.135e+00  val 4.132e+00  acc 0.010/0.020
  step   2000  train 1.255e-07  val 1.829e-07  acc 1.000/1.000
  step   4000  train 1.244e-07  val 1.776e-07  acc 1.000/1.000
  step   6000  train 1.239e-07  val 1.767e-07  acc 1.000/1.000
  step   8000  train 1.236e-07  val 1.767e-07  acc 1.000/1.000
  step  10000  train 1.234e-07  val 1.768e-07  acc 1.000/1.000
  step  12000  train 1.232e-07  val 1.769e-07  acc 1.000/1.000
  step  14000  train 1.230e-07  val 1.771e-07  acc 1.000/1.000
  step  16000  train 1.229e-07  val 1.773e-07  acc 1.000/1.000
  step  18000  train 1.228e-07  val 1.775e-07  acc 1.000/1.000
    val_acc=1.0000  GS=0.9934  DI=0.1418  circ=0.9995  pizza  27.0s
[2/16] train 039b830c92  alpha=0.0  seed=1
  step      0  train 4.156e+00  val 4.145e+00  acc 0.016/0.020
  step   2000  train 1.540e-07  val 3.629e-07  acc 1.000/1.000
  step   4000  train 1.462e-07  val 3.565e-07  acc 1.000/1.000
  step   6000  train 1.455e-07  val 3.351e-07  acc 1.000/1.000
  step   8000  train 1.446e-07  val 3.386e-07  acc 1.000/1.000
  step  10000  train 1.426e-07  val 3.128e-07  acc 1.000/1.000
  step  12000  train 1.376e-07  val 2.473e-07  acc 1.000/1.000
  step  14000  train 1.350e-07  val 2.157e-07  acc 1.000/1.000
  step  16000  train 1.344e-07  val 2.111e-07  acc 1.000/1.000
  step  18000  train 1.341e-07  val 2.094e-07  acc 1.000/1.000
    val_acc=1.0000  GS=0.9935  DI=0.3735  circ=0.9985  pizza  26.5s
[3/16] train a5fb335376  alpha=0.0  seed=2
  step      0  train 4.145e+00  val 4.108e+00  acc 0.018/0.020
  step   2000  train 1.380e-07  val 1.854e-07  acc 1.000/1.000
  step   4000  train 1.367e-07  val 1.861e-07  acc 1.000/1.000
  step   6000  train 1.361e-07  val 1.867e-07  acc 1.000/1.000
  step   8000  train 1.357e-07  val 1.871e-07  acc 1.000/1.000
  step  10000  train 1.354e-07  val 1.874e-07  acc 1.000/1.000
  step  12000  train 1.351e-07  val 1.878e-07  acc 1.000/1.000
  step  14000  train 1.349e-07  val 1.881e-07  acc 1.000/1.000
  step  16000  train 1.347e-07  val 1.884e-07  acc 1.000/1.000
  step  18000  train 1.346e-07  val 1.886e-07  acc 1.000/1.000
    val_acc=1.0000  GS=0.9955  DI=0.1440  circ=0.9756  pizza  26.6s
[4/16] train 8c2e86d43c  alpha=0.0  seed=3
  step      0  train 4.142e+00  val 4.128e+00  acc 0.017/0.034
  step   2000  train 1.365e-07  val 1.832e-07  acc 1.000/1.000
  step   4000  train 1.303e-07  val 2.090e-07  acc 1.000/1.000
  step   6000  train 1.293e-07  val 2.073e-07  acc 1.000/1.000
  step   8000  train 1.288e-07  val 2.058e-07  acc 1.000/1.000
  step  10000  train 1.284e-07  val 2.056e-07  acc 1.000/1.000
  step  12000  train 1.281e-07  val 2.057e-07  acc 1.000/1.000
  step  14000  train 1.279e-07  val 2.059e-07  acc 1.000/1.000
  step  16000  train 1.277e-07  val 2.065e-07  acc 1.000/1.000
  step  18000  train 1.276e-07  val 2.069e-07  acc 1.000/1.000
    val_acc=1.0000  GS=0.9937  DI=0.1481  circ=0.8684  pizza  26.6s
[5/16] train 820bb78265  alpha=0.0  seed=4
  step      0  train 4.150e+00  val 4.140e+00  acc 0.017/0.011
  step   2000  train 1.536e-07  val 4.799e-07  acc 1.000/1.000
  step   4000  train 1.510e-07  val 4.679e-07  acc 1.000/1.000
  step   6000  train 1.499e-07  val 5.973e-07  acc 1.000/1.000
  step   8000  train 1.491e-07  val 6.732e-07  acc 1.000/1.000
  step  10000  train 1.486e-07  val 6.885e-07  acc 1.000/1.000
  step  12000  train 1.482e-07  val 6.808e-07  acc 1.000/1.000
  step  14000  train 1.479e-07  val 6.807e-07  acc 1.000/1.000
  step  16000  train 1.476e-07  val 6.697e-07  acc 1.000/1.000
  step  18000  train 1.473e-07  val 6.502e-07  acc 1.000/1.000
    val_acc=1.0000  GS=0.9934  DI=0.3559  circ=0.9573  pizza  26.6s
[6/16] train 6930c092b6  alpha=0.0  seed=5
  step      0  train 4.147e+00  val 4.144e+00  acc 0.019/0.019
  step   2000  train 1.563e-07  val 7.234e-07  acc 1.000/1.000
  step   4000  train 1.504e-07  val 1.429e-06  acc 1.000/1.000
  step   6000  train 1.494e-07  val 1.271e-06  acc 1.000/1.000
  step   8000  train 1.482e-07  val 9.939e-07  acc 1.000/1.000
  step  10000  train 1.472e-07  val 8.646e-07  acc 1.000/1.000
  step  12000  train 1.466e-07  val 7.214e-07  acc 1.000/1.000
  step  14000  train 1.460e-07  val 6.460e-07  acc 1.000/1.000
  step  16000  train 1.456e-07  val 6.033e-07  acc 1.000/1.000
  step  18000  train 1.453e-07  val 5.913e-07  acc 1.000/1.000
    val_acc=1.0000  GS=0.9945  DI=0.5351  circ=0.9894  mixed  26.6s
[7/16] train a09a21ed5c  alpha=0.0  seed=6
  step      0  train 4.174e+00  val 4.182e+00  acc 0.021/0.014
  step   2000  train 1.356e-07  val 2.518e-07  acc 1.000/1.000
  step   4000  train 1.324e-07  val 2.154e-07  acc 1.000/1.000
  step   6000  train 1.318e-07  val 2.146e-07  acc 1.000/1.000
  step   8000  train 1.313e-07  val 2.142e-07  acc 1.000/1.000
  step  10000  train 1.310e-07  val 2.140e-07  acc 1.000/1.000
  step  12000  train 1.307e-07  val 2.138e-07  acc 1.000/1.000
  step  14000  train 1.305e-07  val 2.136e-07  acc 1.000/1.000
  step  16000  train 1.303e-07  val 2.133e-07  acc 1.000/1.000
  step  18000  train 1.302e-07  val 2.132e-07  acc 1.000/1.000
    val_acc=1.0000  GS=0.9904  DI=0.1870  circ=0.9978  pizza  26.6s
[8/16] train b667aae4ff  alpha=0.0  seed=7
  step      0  train 4.138e+00  val 4.143e+00  acc 0.021/0.014
  step   2000  train 1.447e-07  val 2.633e-07  acc 1.000/1.000
  step   4000  train 1.407e-07  val 2.239e-07  acc 1.000/1.000
  step   6000  train 1.396e-07  val 2.202e-07  acc 1.000/1.000
  step   8000  train 1.390e-07  val 2.164e-07  acc 1.000/1.000
  step  10000  train 1.386e-07  val 2.157e-07  acc 1.000/1.000
  step  12000  train 1.382e-07  val 2.149e-07  acc 1.000/1.000
  step  14000  train 1.379e-07  val 2.147e-07  acc 1.000/1.000
  step  16000  train 1.377e-07  val 2.145e-07  acc 1.000/1.000
  step  18000  train 1.375e-07  val 2.144e-07  acc 1.000/1.000
    val_acc=1.0000  GS=0.9932  DI=0.5042  circ=0.6843  mixed  26.5s
[9/16] train db15cfd6ca  alpha=1.0  seed=0
  step      0  train 4.109e+00  val 4.100e+00  acc 0.017/0.020
  step   2000  train 1.402e-07  val 2.122e-07  acc 1.000/1.000
  step   4000  train 1.342e-07  val 2.083e-07  acc 1.000/1.000
  step   6000  train 1.331e-07  val 2.099e-07  acc 1.000/1.000
  step   8000  train 1.326e-07  val 2.122e-07  acc 1.000/1.000
  step  10000  train 1.323e-07  val 2.145e-07  acc 1.000/1.000
  step  12000  train 1.321e-07  val 2.159e-07  acc 1.000/1.000
  step  14000  train 1.319e-07  val 2.166e-07  acc 1.000/1.000
  step  16000  train 1.317e-07  val 2.170e-07  acc 1.000/1.000
  step  18000  train 1.315e-07  val 2.172e-07  acc 1.000/1.000
    val_acc=1.0000  GS=0.2500  DI=0.8184  circ=0.9951  clock  26.6s
[10/16] train 433304bfa9  alpha=1.0  seed=1
  step      0  train 4.119e+00  val 4.113e+00  acc 0.016/0.024
  step   2000  train 1.687e-07  val 1.283e-06  acc 1.000/1.000
  step   4000  train 1.593e-07  val 5.294e-07  acc 1.000/1.000
  step   6000  train 1.578e-07  val 6.252e-07  acc 1.000/1.000
  step   8000  train 1.569e-07  val 6.789e-07  acc 1.000/1.000
  step  10000  train 1.562e-07  val 8.229e-07  acc 1.000/1.000
  step  12000  train 1.558e-07  val 9.165e-07  acc 1.000/1.000
  step  14000  train 1.552e-07  val 9.961e-07  acc 1.000/1.000
  step  16000  train 1.546e-07  val 1.079e-06  acc 1.000/1.000
  step  18000  train 1.540e-07  val 1.133e-06  acc 1.000/1.000
    val_acc=1.0000  GS=0.3423  DI=0.7295  circ=0.9879  clock  26.7s
[11/16] train 66a5d0ee18  alpha=1.0  seed=2
  step      0  train 4.111e+00  val 4.086e+00  acc 0.019/0.022
  step   2000  train 1.577e-07  val 2.463e-07  acc 1.000/1.000
  step   4000  train 1.521e-07  val 2.178e-07  acc 1.000/1.000
  step   6000  train 1.509e-07  val 2.154e-07  acc 1.000/1.000
  step   8000  train 1.504e-07  val 2.128e-07  acc 1.000/1.000
  step  10000  train 1.502e-07  val 2.132e-07  acc 1.000/1.000
  step  12000  train 1.500e-07  val 2.137e-07  acc 1.000/1.000
  step  14000  train 1.497e-07  val 2.135e-07  acc 1.000/1.000
  step  16000  train 1.496e-07  val 2.143e-07  acc 1.000/1.000
  step  18000  train 1.493e-07  val 2.132e-07  acc 1.000/1.000
    val_acc=1.0000  GS=0.2924  DI=0.8926  circ=0.9804  clock  26.6s
[12/16] train 56580823d9  alpha=1.0  seed=3
  step      0  train 4.113e+00  val 4.102e+00  acc 0.014/0.026
  step   2000  train 1.584e-07  val 2.698e-07  acc 1.000/1.000
  step   4000  train 1.554e-07  val 2.397e-07  acc 1.000/1.000
  step   6000  train 1.544e-07  val 2.367e-07  acc 1.000/1.000
  step   8000  train 1.537e-07  val 2.330e-07  acc 1.000/1.000
  step  10000  train 1.532e-07  val 2.270e-07  acc 1.000/1.000
  step  12000  train 1.525e-07  val 2.231e-07  acc 1.000/1.000
  step  14000  train 1.516e-07  val 2.241e-07  acc 1.000/1.000
  step  16000  train 1.508e-07  val 2.270e-07  acc 1.000/1.000
  step  18000  train 1.504e-07  val 2.289e-07  acc 1.000/1.000
    val_acc=1.0000  GS=0.4691  DI=0.6272  circ=0.9935  clock  26.5s
[13/16] train 570bc8a036  alpha=1.0  seed=4
  step      0  train 4.110e+00  val 4.103e+00  acc 0.017/0.016
  step   2000  train 1.556e-07  val 2.886e-07  acc 1.000/1.000
  step   4000  train 1.495e-07  val 2.252e-07  acc 1.000/1.000
  step   6000  train 1.461e-07  val 2.069e-07  acc 1.000/1.000
  step   8000  train 1.446e-07  val 2.046e-07  acc 1.000/1.000
  step  10000  train 1.439e-07  val 2.044e-07  acc 1.000/1.000
  step  12000  train 1.435e-07  val 2.041e-07  acc 1.000/1.000
  step  14000  train 1.432e-07  val 2.036e-07  acc 1.000/1.000
  step  16000  train 1.429e-07  val 2.034e-07  acc 1.000/1.000
  step  18000  train 1.427e-07  val 2.033e-07  acc 1.000/1.000
    val_acc=1.0000  GS=0.4003  DI=0.8007  circ=0.8618  clock  26.6s
[14/16] train a663154f7d  alpha=1.0  seed=5
  step      0  train 4.111e+00  val 4.107e+00  acc 0.017/0.023
  step   2000  train 1.829e-07  val 7.041e-07  acc 1.000/1.000
  step   4000  train 1.783e-07  val 9.258e-07  acc 1.000/1.000
  step   6000  train 1.765e-07  val 1.019e-06  acc 1.000/1.000
  step   8000  train 1.746e-07  val 4.900e-07  acc 1.000/1.000
  step  10000  train 1.736e-07  val 3.962e-07  acc 1.000/1.000
  step  12000  train 1.729e-07  val 3.929e-07  acc 1.000/1.000
  step  14000  train 1.724e-07  val 3.873e-07  acc 1.000/1.000
  step  16000  train 1.721e-07  val 3.847e-07  acc 1.000/1.000
  step  18000  train 1.718e-07  val 3.810e-07  acc 1.000/1.000
    val_acc=1.0000  GS=0.5897  DI=0.6948  circ=0.9212  clock  26.6s
[15/16] train 7dd69ed66f  alpha=1.0  seed=6
  step      0  train 4.122e+00  val 4.124e+00  acc 0.020/0.017
  step   2000  train 1.667e-07  val 3.140e-07  acc 1.000/1.000
  step   4000  train 1.520e-07  val 2.242e-07  acc 1.000/1.000
  step   6000  train 1.496e-07  val 2.237e-07  acc 1.000/1.000
  step   8000  train 1.477e-07  val 2.159e-07  acc 1.000/1.000
  step  10000  train 1.470e-07  val 2.151e-07  acc 1.000/1.000
  step  12000  train 1.467e-07  val 2.154e-07  acc 1.000/1.000
  step  14000  train 1.464e-07  val 2.155e-07  acc 1.000/1.000
  step  16000  train 1.462e-07  val 2.153e-07  acc 1.000/1.000
  step  18000  train 1.460e-07  val 2.154e-07  acc 1.000/1.000
    val_acc=1.0000  GS=0.5565  DI=0.7153  circ=0.9915  clock  26.6s
[16/16] train aa25b8dcff  alpha=1.0  seed=7
  step      0  train 4.108e+00  val 4.108e+00  acc 0.018/0.014
  step   2000  train 1.572e-07  val 2.492e-07  acc 1.000/1.000
  step   4000  train 1.551e-07  val 2.434e-07  acc 1.000/1.000
  step   6000  train 1.543e-07  val 2.422e-07  acc 1.000/1.000
  step   8000  train 1.538e-07  val 2.407e-07  acc 1.000/1.000
  step  10000  train 1.534e-07  val 2.395e-07  acc 1.000/1.000
  step  12000  train 1.532e-07  val 2.386e-07  acc 1.000/1.000
  step  14000  train 1.530e-07  val 2.381e-07  acc 1.000/1.000
  step  16000  train 1.528e-07  val 2.378e-07  acc 1.000/1.000
  step  18000  train 1.526e-07  val 2.376e-07  acc 1.000/1.000
    val_acc=1.0000  GS=0.6306  DI=0.6500  circ=0.9490  clock  26.6s

### M2 runs

| alpha | seed | val acc | GS | DI (correct) | DI (top-wrong) | circularity | label | wall |
| --- | --- | --- | --- | --- | --- | --- | --- | --- |
| 0.0 | 0 | 100.00% | 0.9934 | 0.1418 | 0.1752 | 0.9995 | pizza | 27s |
| 0.0 | 1 | 100.00% | 0.9935 | 0.3735 | 0.3938 | 0.9985 | pizza | 27s |
| 0.0 | 2 | 100.00% | 0.9955 | 0.1440 | 0.1678 | 0.9756 | pizza | 27s |
| 0.0 | 3 | 100.00% | 0.9937 | 0.1481 | 0.1960 | 0.8684 | pizza | 27s |
| 0.0 | 4 | 100.00% | 0.9934 | 0.3559 | 0.4054 | 0.9573 | pizza | 27s |
| 0.0 | 5 | 100.00% | 0.9945 | 0.5351 | 0.5802 | 0.9894 | mixed | 27s |
| 0.0 | 6 | 100.00% | 0.9904 | 0.1870 | 0.3891 | 0.9978 | pizza | 27s |
| 0.0 | 7 | 100.00% | 0.9932 | 0.5042 | 0.5677 | 0.6843 | mixed | 27s |
| 1.0 | 0 | 100.00% | 0.2500 | 0.8184 | 0.8818 | 0.9951 | clock | 27s |
| 1.0 | 1 | 100.00% | 0.3423 | 0.7295 | 0.7842 | 0.9879 | clock | 27s |
| 1.0 | 2 | 100.00% | 0.2924 | 0.8926 | 0.8922 | 0.9804 | clock | 27s |
| 1.0 | 3 | 100.00% | 0.4691 | 0.6272 | 0.7139 | 0.9935 | clock | 27s |
| 1.0 | 4 | 100.00% | 0.4003 | 0.8007 | 0.8601 | 0.8618 | clock | 27s |
| 1.0 | 5 | 100.00% | 0.5897 | 0.6948 | 0.8758 | 0.9212 | clock | 27s |
| 1.0 | 6 | 100.00% | 0.5565 | 0.7153 | 0.8691 | 0.9915 | clock | 27s |
| 1.0 | 7 | 100.00% | 0.6306 | 0.6500 | 0.7614 | 0.9490 | clock | 27s |

### Gate

| alpha | n | 100% validation | circular | GS median | DI median | wall median |
| --- | --- | --- | --- | --- | --- | --- |
| 0.0 | 8 | 8/8 | 3/8 | 0.9935 | 0.2714 | 27s |
| 1.0 | 8 | 8/8 | 1/8 | 0.4347 | 0.7224 | 27s |

Registry: `results/runs.jsonl` (16 runs).

**M2 gate passed** (>= 7 of 8 runs per alpha at 100% validation accuracy).
